
> web@0.1.0 build
> next build

▲ Next.js 16.3.1 (Turbopack)
- Environments: .env.local
✓ Running next.config.ts took 20ms

  Creating an optimized production build ...
Turbopack build encountered 2 warnings:
[next]/internal/font/google/inter_5901b7c6.module.css
Warning: Error while requesting resource
There was an issue establishing a connection while requesting https://fonts.googleapis.com/css2?family=Inter:wght@100..900&display=swap


[next]/internal/font/google/playfair_display_dc3b86c2.module.css
Warning: Error while requesting resource
There was an issue establishing a connection while requesting https://fonts.googleapis.com/css2?family=Playfair+Display:wght@400..900&display=swap



> Build error occurred
Error: Turbopack build failed with 2 errors:
[next]/internal/font/google/inter_5901b7c6.module.css
Error: next/font: error:
Failed to fetch Inter from Google Fonts.
If you are offline or behind a proxy, self-host the font with next/font/local, or set HTTP_PROXY/HTTPS_PROXY so Next.js can reach fonts.googleapis.com.


[next]/internal/font/google/playfair_display_dc3b86c2.module.css
Error: next/font: error:
Failed to fetch Playfair Display from Google Fonts.
If you are offline or behind a proxy, self-host the font with next/font/local, or set HTTP_PROXY/HTTPS_PROXY so Next.js can reach fonts.googleapis.com.


    at ignore-listed frames
